/root/miniconda3/envs/wyc_mmlab3/lib/python3.9/site-packages/torch/utils/cpp_extension.py:28: UserWarning: pkg_resources is deprecated as an API. See https://setuptools.pypa.io/en/latest/pkg_resources.html. The pkg_resources package is slated for removal as early as 2025-11-30. Refrain from using this package or pin to Setuptools<81.
  from pkg_resources import packaging  # type: ignore[attr-defined]
07/21 13:02:10 - mmengine - INFO - 
------------------------------------------------------------
System environment:
    sys.platform: linux
    Python: 3.9.23 (main, Jun  5 2025, 13:40:20) [GCC 11.2.0]
    CUDA available: True
    MUSA available: False
    numpy_random_seed: 1861885767
    GPU 0: NVIDIA GeForce RTX 4090
    CUDA_HOME: /usr/local/cuda
    NVCC: Cuda compilation tools, release 12.9, V12.9.86
    GCC: gcc (Ubuntu 11.4.0-1ubuntu1~22.04) 11.4.0
    PyTorch: 2.1.0+cu121
    PyTorch compiling details: PyTorch built with:
  - GCC 9.3
  - C++ Version: 201703
  - Intel(R) oneAPI Math Kernel Library Version 2023.1-Product Build 20230303 for Intel(R) 64 architecture applications
  - Intel(R) MKL-DNN v3.1.1 (Git Hash 64f6bcbcbab628e96f33a62c3e975f8535a7bde4)
  - OpenMP 201511 (a.k.a. OpenMP 4.5)
  - LAPACK is enabled (usually provided by MKL)
  - NNPACK is enabled
  - CPU capability usage: AVX512
  - CUDA Runtime 12.1
  - NVCC architecture flags: -gencode;arch=compute_50,code=sm_50;-gencode;arch=compute_60,code=sm_60;-gencode;arch=compute_70,code=sm_70;-gencode;arch=compute_75,code=sm_75;-gencode;arch=compute_80,code=sm_80;-gencode;arch=compute_86,code=sm_86;-gencode;arch=compute_90,code=sm_90
  - CuDNN 8.9.2
  - Magma 2.6.1
  - Build settings: BLAS_INFO=mkl, BUILD_TYPE=Release, CUDA_VERSION=12.1, CUDNN_VERSION=8.9.2, CXX_COMPILER=/opt/rh/devtoolset-9/root/usr/bin/c++, CXX_FLAGS= -D_GLIBCXX_USE_CXX11_ABI=0 -fabi-version=11 -fvisibility-inlines-hidden -DUSE_PTHREADPOOL -DNDEBUG -DUSE_KINETO -DLIBKINETO_NOROCTRACER -DUSE_FBGEMM -DUSE_QNNPACK -DUSE_PYTORCH_QNNPACK -DUSE_XNNPACK -DSYMBOLICATE_MOBILE_DEBUG_HANDLE -O2 -fPIC -Wall -Wextra -Werror=return-type -Werror=non-virtual-dtor -Werror=bool-operation -Wnarrowing -Wno-missing-field-initializers -Wno-type-limits -Wno-array-bounds -Wno-unknown-pragmas -Wno-unused-parameter -Wno-unused-function -Wno-unused-result -Wno-strict-overflow -Wno-strict-aliasing -Wno-stringop-overflow -Wno-psabi -Wno-error=pedantic -Wno-error=old-style-cast -Wno-invalid-partial-specialization -Wno-unused-private-field -Wno-aligned-allocation-unavailable -Wno-missing-braces -fdiagnostics-color=always -faligned-new -Wno-unused-but-set-variable -Wno-maybe-uninitialized -fno-math-errno -fno-trapping-math -Werror=format -Werror=cast-function-type -Wno-stringop-overflow, LAPACK_INFO=mkl, PERF_WITH_AVX=1, PERF_WITH_AVX2=1, PERF_WITH_AVX512=1, TORCH_DISABLE_GPU_ASSERTS=ON, TORCH_VERSION=2.1.0, USE_CUDA=ON, USE_CUDNN=ON, USE_EXCEPTION_PTR=1, USE_GFLAGS=OFF, USE_GLOG=OFF, USE_MKL=ON, USE_MKLDNN=ON, USE_MPI=OFF, USE_NCCL=1, USE_NNPACK=ON, USE_OPENMP=ON, USE_ROCM=OFF, 

    TorchVision: 0.16.0+cu121
    OpenCV: 4.11.0
    MMEngine: 0.10.4

Runtime environment:
    cudnn_benchmark: False
    mp_cfg: {'mp_start_method': 'fork', 'opencv_num_threads': 0}
    dist_cfg: {'backend': 'nccl'}
    seed: 1861885767
    Distributed launcher: none
    Distributed training: False
    GPU number: 1
------------------------------------------------------------

07/21 13:02:11 - mmengine - INFO - Config:
auto_scale_lr = dict(base_batch_size=16, enable=False)
backend_args = None
data_root = '/home/01/wyc/datasets/coco/'
dataset_type = 'CocoDataset'
default_hooks = dict(
    checkpoint=dict(interval=1, type='CheckpointHook'),
    logger=dict(interval=50, type='LoggerHook'),
    param_scheduler=dict(type='ParamSchedulerHook'),
    sampler_seed=dict(type='DistSamplerSeedHook'),
    timer=dict(type='IterTimerHook'),
    visualization=dict(type='DetVisualizationHook'))
default_scope = 'mmdet'
env_cfg = dict(
    cudnn_benchmark=False,
    dist_cfg=dict(backend='nccl'),
    mp_cfg=dict(mp_start_method='fork', opencv_num_threads=0))
launcher = 'none'
load_from = None
log_level = 'INFO'
log_processor = dict(by_epoch=True, type='LogProcessor', window_size=50)
model = dict(
    backbone=dict(
        conv_cfg=dict(type='ConvAWS'),
        depth=50,
        frozen_stages=1,
        init_cfg=dict(checkpoint='torchvision://resnet50', type='Pretrained'),
        norm_cfg=dict(requires_grad=True, type='BN'),
        norm_eval=True,
        num_stages=4,
        out_indices=(
            0,
            1,
            2,
            3,
        ),
        output_img=True,
        style='pytorch',
        type='DetectoRS_ResNet'),
    data_preprocessor=dict(
        bgr_to_rgb=True,
        mean=[
            123.675,
            116.28,
            103.53,
        ],
        pad_size_divisor=32,
        std=[
            58.395,
            57.12,
            57.375,
        ],
        type='DetDataPreprocessor'),
    neck=dict(
        aspp_dilations=(
            1,
            3,
            6,
            1,
        ),
        aspp_out_channels=64,
        in_channels=[
            256,
            512,
            1024,
            2048,
        ],
        num_outs=5,
        out_channels=256,
        rfp_backbone=dict(
            conv_cfg=dict(type='ConvAWS'),
            depth=50,
            frozen_stages=1,
            norm_cfg=dict(requires_grad=True, type='BN'),
            norm_eval=True,
            num_stages=4,
            out_indices=(
                0,
                1,
                2,
                3,
            ),
            pretrained='torchvision://resnet50',
            rfp_inplanes=256,
            style='pytorch',
            type='DetectoRS_ResNet'),
        rfp_steps=2,
        type='RFP'),
    roi_head=dict(
        bbox_head=[
            dict(
                bbox_coder=dict(
                    target_means=[
                        0.0,
                        0.0,
                        0.0,
                        0.0,
                    ],
                    target_stds=[
                        0.1,
                        0.1,
                        0.2,
                        0.2,
                    ],
                    type='DeltaXYWHBBoxCoder'),
                fc_out_channels=1024,
                in_channels=256,
                loss_bbox=dict(beta=1.0, loss_weight=1.0, type='SmoothL1Loss'),
                loss_cls=dict(
                    loss_weight=1.0,
                    type='CrossEntropyLoss',
                    use_sigmoid=False),
                num_classes=80,
                reg_class_agnostic=True,
                roi_feat_size=7,
                type='Shared2FCBBoxHead'),
            dict(
                bbox_coder=dict(
                    target_means=[
                        0.0,
                        0.0,
                        0.0,
                        0.0,
                    ],
                    target_stds=[
                        0.05,
                        0.05,
                        0.1,
                        0.1,
                    ],
                    type='DeltaXYWHBBoxCoder'),
                fc_out_channels=1024,
                in_channels=256,
                loss_bbox=dict(beta=1.0, loss_weight=1.0, type='SmoothL1Loss'),
                loss_cls=dict(
                    loss_weight=1.0,
                    type='CrossEntropyLoss',
                    use_sigmoid=False),
                num_classes=80,
                reg_class_agnostic=True,
                roi_feat_size=7,
                type='Shared2FCBBoxHead'),
            dict(
                bbox_coder=dict(
                    target_means=[
                        0.0,
                        0.0,
                        0.0,
                        0.0,
                    ],
                    target_stds=[
                        0.033,
                        0.033,
                        0.067,
                        0.067,
                    ],
                    type='DeltaXYWHBBoxCoder'),
                fc_out_channels=1024,
                in_channels=256,
                loss_bbox=dict(beta=1.0, loss_weight=1.0, type='SmoothL1Loss'),
                loss_cls=dict(
                    loss_weight=1.0,
                    type='CrossEntropyLoss',
                    use_sigmoid=False),
                num_classes=80,
                reg_class_agnostic=True,
                roi_feat_size=7,
                type='Shared2FCBBoxHead'),
        ],
        bbox_roi_extractor=dict(
            featmap_strides=[
                4,
                8,
                16,
                32,
            ],
            out_channels=256,
            roi_layer=dict(output_size=7, sampling_ratio=0, type='RoIAlign'),
            type='SingleRoIExtractor'),
        num_stages=3,
        stage_loss_weights=[
            1,
            0.5,
            0.25,
        ],
        type='CascadeRoIHead'),
    rpn_head=dict(
        anchor_generator=dict(
            ratios=[
                0.5,
                1.0,
                2.0,
            ],
            scales=[
                8,
            ],
            strides=[
                4,
                8,
                16,
                32,
                64,
            ],
            type='AnchorGenerator'),
        bbox_coder=dict(
            target_means=[
                0.0,
                0.0,
                0.0,
                0.0,
            ],
            target_stds=[
                1.0,
                1.0,
                1.0,
                1.0,
            ],
            type='DeltaXYWHBBoxCoder'),
        feat_channels=256,
        in_channels=256,
        loss_bbox=dict(
            beta=0.1111111111111111, loss_weight=1.0, type='SmoothL1Loss'),
        loss_cls=dict(
            loss_weight=1.0, type='CrossEntropyLoss', use_sigmoid=True),
        type='RPNHead'),
    test_cfg=dict(
        rcnn=dict(
            max_per_img=100,
            nms=dict(iou_threshold=0.5, type='nms'),
            score_thr=0.05),
        rpn=dict(
            max_per_img=1000,
            min_bbox_size=0,
            nms=dict(iou_threshold=0.7, type='nms'),
            nms_pre=1000)),
    train_cfg=dict(
        rcnn=[
            dict(
                assigner=dict(
                    ignore_iof_thr=-1,
                    match_low_quality=False,
                    min_pos_iou=0.5,
                    neg_iou_thr=0.5,
                    pos_iou_thr=0.5,
                    type='MaxIoUAssigner'),
                debug=False,
                pos_weight=-1,
                sampler=dict(
                    add_gt_as_proposals=True,
                    neg_pos_ub=-1,
                    num=512,
                    pos_fraction=0.25,
                    type='RandomSampler')),
            dict(
                assigner=dict(
                    ignore_iof_thr=-1,
                    match_low_quality=False,
                    min_pos_iou=0.6,
                    neg_iou_thr=0.6,
                    pos_iou_thr=0.6,
                    type='MaxIoUAssigner'),
                debug=False,
                pos_weight=-1,
                sampler=dict(
                    add_gt_as_proposals=True,
                    neg_pos_ub=-1,
                    num=512,
                    pos_fraction=0.25,
                    type='RandomSampler')),
            dict(
                assigner=dict(
                    ignore_iof_thr=-1,
                    match_low_quality=False,
                    min_pos_iou=0.7,
                    neg_iou_thr=0.7,
                    pos_iou_thr=0.7,
                    type='MaxIoUAssigner'),
                debug=False,
                pos_weight=-1,
                sampler=dict(
                    add_gt_as_proposals=True,
                    neg_pos_ub=-1,
                    num=512,
                    pos_fraction=0.25,
                    type='RandomSampler')),
        ],
        rpn=dict(
            allowed_border=0,
            assigner=dict(
                ignore_iof_thr=-1,
                match_low_quality=True,
                min_pos_iou=0.3,
                neg_iou_thr=0.3,
                pos_iou_thr=0.7,
                type='MaxIoUAssigner'),
            debug=False,
            pos_weight=-1,
            sampler=dict(
                add_gt_as_proposals=False,
                neg_pos_ub=-1,
                num=256,
                pos_fraction=0.5,
                type='RandomSampler')),
        rpn_proposal=dict(
            max_per_img=2000,
            min_bbox_size=0,
            nms=dict(iou_threshold=0.7, type='nms'),
            nms_pre=2000)),
    type='CascadeRCNN')
optim_wrapper = dict(
    loss_scale='dynamic',
    optimizer=dict(lr=0.001, momentum=0.9, type='SGD', weight_decay=0.0001),
    type='AmpOptimWrapper')
param_scheduler = [
    dict(
        begin=0, by_epoch=False, end=500, start_factor=0.001, type='LinearLR'),
    dict(
        begin=0,
        by_epoch=True,
        end=12,
        gamma=0.1,
        milestones=[
            8,
            11,
        ],
        type='MultiStepLR'),
]
resume = False
test_cfg = dict(type='TestLoop')
test_dataloader = dict(
    batch_size=1,
    dataset=dict(
        ann_file='annotations/instances_val2017.json',
        backend_args=None,
        data_prefix=dict(img='images/val2017/'),
        data_root='/home/01/wyc/datasets/coco/',
        pipeline=[
            dict(backend_args=None, type='LoadImageFromFile'),
            dict(keep_ratio=True, scale=(
                1333,
                800,
            ), type='Resize'),
            dict(type='LoadAnnotations', with_bbox=True),
            dict(
                meta_keys=(
                    'img_id',
                    'img_path',
                    'ori_shape',
                    'img_shape',
                    'scale_factor',
                ),
                type='PackDetInputs'),
        ],
        test_mode=True,
        type='CocoDataset'),
    drop_last=False,
    num_workers=2,
    persistent_workers=True,
    sampler=dict(shuffle=False, type='DefaultSampler'))
test_evaluator = dict(
    ann_file='/home/01/wyc/datasets/coco/annotations/instances_val2017.json',
    backend_args=None,
    format_only=False,
    metric='bbox',
    type='CocoMetric')
test_pipeline = [
    dict(backend_args=None, type='LoadImageFromFile'),
    dict(keep_ratio=True, scale=(
        1333,
        800,
    ), type='Resize'),
    dict(type='LoadAnnotations', with_bbox=True),
    dict(
        meta_keys=(
            'img_id',
            'img_path',
            'ori_shape',
            'img_shape',
            'scale_factor',
        ),
        type='PackDetInputs'),
]
train_cfg = dict(max_epochs=12, type='EpochBasedTrainLoop', val_interval=1)
train_dataloader = dict(
    batch_sampler=dict(type='AspectRatioBatchSampler'),
    batch_size=2,
    dataset=dict(
        ann_file='annotations/instances_train2017.json',
        backend_args=None,
        data_prefix=dict(img='images/train2017/'),
        data_root='/home/01/wyc/datasets/coco/',
        filter_cfg=dict(filter_empty_gt=True, min_size=32),
        pipeline=[
            dict(backend_args=None, type='LoadImageFromFile'),
            dict(type='LoadAnnotations', with_bbox=True),
            dict(keep_ratio=True, scale=(
                1333,
                800,
            ), type='Resize'),
            dict(prob=0.5, type='RandomFlip'),
            dict(type='PackDetInputs'),
        ],
        type='CocoDataset'),
    num_workers=2,
    persistent_workers=True,
    sampler=dict(shuffle=True, type='DefaultSampler'))
train_pipeline = [
    dict(backend_args=None, type='LoadImageFromFile'),
    dict(type='LoadAnnotations', with_bbox=True),
    dict(keep_ratio=True, scale=(
        1333,
        800,
    ), type='Resize'),
    dict(prob=0.5, type='RandomFlip'),
    dict(type='PackDetInputs'),
]
val_cfg = dict(type='ValLoop')
val_dataloader = dict(
    batch_size=1,
    dataset=dict(
        ann_file='annotations/instances_val2017.json',
        backend_args=None,
        data_prefix=dict(img='images/val2017/'),
        data_root='/home/01/wyc/datasets/coco/',
        pipeline=[
            dict(backend_args=None, type='LoadImageFromFile'),
            dict(keep_ratio=True, scale=(
                1333,
                800,
            ), type='Resize'),
            dict(type='LoadAnnotations', with_bbox=True),
            dict(
                meta_keys=(
                    'img_id',
                    'img_path',
                    'ori_shape',
                    'img_shape',
                    'scale_factor',
                ),
                type='PackDetInputs'),
        ],
        test_mode=True,
        type='CocoDataset'),
    drop_last=False,
    num_workers=2,
    persistent_workers=True,
    sampler=dict(shuffle=False, type='DefaultSampler'))
val_evaluator = dict(
    ann_file='/home/01/wyc/datasets/coco/annotations/instances_val2017.json',
    backend_args=None,
    format_only=False,
    metric='bbox',
    type='CocoMetric')
vis_backends = [
    dict(type='LocalVisBackend'),
]
visualizer = dict(
    name='visualizer',
    type='DetLocalVisualizer',
    vis_backends=[
        dict(type='LocalVisBackend'),
    ])
work_dir = './work_dirs/cascade-rcnn_r50-rfp_1x_coco'

07/21 13:02:13 - mmengine - INFO - Distributed training is not used, all SyncBatchNorm (SyncBN) layers in the model will be automatically reverted to BatchNormXd layers if they are used.
07/21 13:02:13 - mmengine - INFO - Hooks will be executed in the following order:
before_run:
(VERY_HIGH   ) RuntimeInfoHook                    
(BELOW_NORMAL) LoggerHook                         
 -------------------- 
before_train:
(VERY_HIGH   ) RuntimeInfoHook                    
(NORMAL      ) IterTimerHook                      
(VERY_LOW    ) CheckpointHook                     
 -------------------- 
before_train_epoch:
(VERY_HIGH   ) RuntimeInfoHook                    
(NORMAL      ) IterTimerHook                      
(NORMAL      ) DistSamplerSeedHook                
 -------------------- 
before_train_iter:
(VERY_HIGH   ) RuntimeInfoHook                    
(NORMAL      ) IterTimerHook                      
 -------------------- 
after_train_iter:
(VERY_HIGH   ) RuntimeInfoHook                    
(NORMAL      ) IterTimerHook                      
(BELOW_NORMAL) LoggerHook                         
(LOW         ) ParamSchedulerHook                 
(VERY_LOW    ) CheckpointHook                     
 -------------------- 
after_train_epoch:
(NORMAL      ) IterTimerHook                      
(LOW         ) ParamSchedulerHook                 
(VERY_LOW    ) CheckpointHook                     
 -------------------- 
before_val:
(VERY_HIGH   ) RuntimeInfoHook                    
 -------------------- 
before_val_epoch:
(NORMAL      ) IterTimerHook                      
 -------------------- 
before_val_iter:
(NORMAL      ) IterTimerHook                      
 -------------------- 
after_val_iter:
(NORMAL      ) IterTimerHook                      
(NORMAL      ) DetVisualizationHook               
(BELOW_NORMAL) LoggerHook                         
 -------------------- 
after_val_epoch:
(VERY_HIGH   ) RuntimeInfoHook                    
(NORMAL      ) IterTimerHook                      
(BELOW_NORMAL) LoggerHook                         
(LOW         ) ParamSchedulerHook                 
(VERY_LOW    ) CheckpointHook                     
 -------------------- 
after_val:
(VERY_HIGH   ) RuntimeInfoHook                    
 -------------------- 
after_train:
(VERY_HIGH   ) RuntimeInfoHook                    
(VERY_LOW    ) CheckpointHook                     
 -------------------- 
before_test:
(VERY_HIGH   ) RuntimeInfoHook                    
 -------------------- 
before_test_epoch:
(NORMAL      ) IterTimerHook                      
 -------------------- 
before_test_iter:
(NORMAL      ) IterTimerHook                      
 -------------------- 
after_test_iter:
(NORMAL      ) IterTimerHook                      
(NORMAL      ) DetVisualizationHook               
(BELOW_NORMAL) LoggerHook                         
 -------------------- 
after_test_epoch:
(VERY_HIGH   ) RuntimeInfoHook                    
(NORMAL      ) IterTimerHook                      
(BELOW_NORMAL) LoggerHook                         
 -------------------- 
after_test:
(VERY_HIGH   ) RuntimeInfoHook                    
 -------------------- 
after_run:
(BELOW_NORMAL) LoggerHook                         
 -------------------- 
loading annotations into memory...
Done (t=14.12s)
creating index...
index created!
loading annotations into memory...
Done (t=0.61s)
creating index...
index created!
loading annotations into memory...
Done (t=0.70s)
creating index...
index created!
07/21 13:02:49 - mmengine - INFO - Loads checkpoint by torchvision backend from path: torchvision://resnet50
07/21 13:02:50 - mmengine - WARNING - The model and loaded state dict do not match exactly

unexpected key in source state_dict: fc.weight, fc.bias

07/21 13:02:50 - mmengine - INFO - Loads checkpoint by torchvision backend from path: torchvision://resnet50
07/21 13:02:50 - mmengine - WARNING - The model and loaded state dict do not match exactly

unexpected key in source state_dict: fc.weight, fc.bias

missing keys in source state_dict: layer2.0.rfp_conv.weight, layer2.0.rfp_conv.bias, layer3.0.rfp_conv.weight, layer3.0.rfp_conv.bias, layer4.0.rfp_conv.weight, layer4.0.rfp_conv.bias

07/21 13:02:50 - mmengine - WARNING - "FileClient" will be deprecated in future. Please use io functions in https://mmengine.readthedocs.io/en/latest/api/fileio.html#file-io
07/21 13:02:50 - mmengine - WARNING - "HardDiskBackend" is the alias of "LocalBackend" and the former will be deprecated in future.
07/21 13:02:50 - mmengine - INFO - Checkpoints will be saved to /home/01/wyc/mmdetection/work_dirs/cascade-rcnn_r50-rfp_1x_coco.
TCAPPDLL 2025-07-21 13:02:52.069222 - Epoch: 0 Iteration: 0  rank : 0  train.loss : 8.782416343688965  train.ips : 1.0304955688094009 imgs/s train.total_time : 1.9408137798309326 
TCAPPDLL 2025-07-21 13:02:52.816896 - Epoch: 0 Iteration: 1  rank : 0  train.loss : 8.834720611572266  train.ips : 2.6754822328387493 imgs/s train.total_time : 0.7475287914276123 
TCAPPDLL 2025-07-21 13:02:53.539468 - Epoch: 0 Iteration: 2  rank : 0  train.loss : 8.731600761413574  train.ips : 2.7683886657419574 imgs/s train.total_time : 0.7224419116973877 
TCAPPDLL 2025-07-21 13:02:53.753696 - Epoch: 0 Iteration: 3  rank : 0  train.loss : 8.83871841430664  train.ips : 9.340612574172205 imgs/s train.total_time : 0.21411871910095215 
TCAPPDLL 2025-07-21 13:02:53.948874 - Epoch: 0 Iteration: 4  rank : 0  train.loss : 8.661797523498535  train.ips : 10.253442623752331 imgs/s train.total_time : 0.19505643844604492 
TCAPPDLL 2025-07-21 13:02:54.156423 - Epoch: 0 Iteration: 5  rank : 0  train.loss : 8.783414840698242  train.ips : 9.642377407114934 imgs/s train.total_time : 0.20741772651672363 
TCAPPDLL 2025-07-21 13:02:54.361085 - Epoch: 0 Iteration: 6  rank : 0  train.loss : 8.61584186553955  train.ips : 9.77745660023731 imgs/s train.total_time : 0.20455217361450195 
TCAPPDLL 2025-07-21 13:02:55.001784 - Epoch: 0 Iteration: 7  rank : 0  train.loss : 8.803567886352539  train.ips : 3.122111567574971 imgs/s train.total_time : 0.640592098236084 
TCAPPDLL 2025-07-21 13:02:55.708310 - Epoch: 0 Iteration: 8  rank : 0  train.loss : 8.725117683410645  train.ips : 2.831153253582138 imgs/s train.total_time : 0.7064259052276611 
TCAPPDLL 2025-07-21 13:02:55.907831 - Epoch: 0 Iteration: 9  rank : 0  train.loss : 8.814671516418457  train.ips : 10.029265446615488 imgs/s train.total_time : 0.1994163990020752 
TCAPPDLL 2025-07-21 13:02:56.645868 - Epoch: 0 Iteration: 10  rank : 0  train.loss : 8.458086967468262  train.ips : 2.710309349631059 imgs/s train.total_time : 0.7379231452941895 
TCAPPDLL 2025-07-21 13:02:56.851842 - Epoch: 0 Iteration: 11  rank : 0  train.loss : 8.477058410644531  train.ips : 9.715018970013944 imgs/s train.total_time : 0.20586681365966797 
TCAPPDLL 2025-07-21 13:02:57.050366 - Epoch: 0 Iteration: 12  rank : 0  train.loss : 8.39819622039795  train.ips : 10.080220143357547 imgs/s train.total_time : 0.1984083652496338 
TCAPPDLL 2025-07-21 13:02:57.651671 - Epoch: 0 Iteration: 13  rank : 0  train.loss : 8.388606071472168  train.ips : 3.3267189776592985 imgs/s train.total_time : 0.6011929512023926 
TCAPPDLL 2025-07-21 13:02:57.858478 - Epoch: 0 Iteration: 14  rank : 0  train.loss : 8.227291107177734  train.ips : 9.675843518300644 imgs/s train.total_time : 0.20670032501220703 
TCAPPDLL 2025-07-21 13:02:58.496262 - Epoch: 0 Iteration: 15  rank : 0  train.loss : 8.377817153930664  train.ips : 3.1363808011174696 imgs/s train.total_time : 0.6376776695251465 
TCAPPDLL 2025-07-21 13:02:58.720846 - Epoch: 0 Iteration: 16  rank : 0  train.loss : 8.339951515197754  train.ips : 8.909890025852528 imgs/s train.total_time : 0.22446966171264648 
TCAPPDLL 2025-07-21 13:02:58.930097 - Epoch: 0 Iteration: 17  rank : 0  train.loss : 7.881542682647705  train.ips : 9.563634373688915 imgs/s train.total_time : 0.20912551879882812 
TCAPPDLL 2025-07-21 13:02:59.140783 - Epoch: 0 Iteration: 18  rank : 0  train.loss : 7.776341438293457  train.ips : 9.498014030860647 imgs/s train.total_time : 0.2105703353881836 
TCAPPDLL 2025-07-21 13:02:59.339993 - Epoch: 0 Iteration: 19  rank : 0  train.loss : 7.506130218505859  train.ips : 10.045443114675965 imgs/s train.total_time : 0.1990952491760254 
TCAPPDLL 2025-07-21 13:02:59.539702 - Epoch: 0 Iteration: 20  rank : 0  train.loss : 7.2760329246521  train.ips : 10.020196614785528 imgs/s train.total_time : 0.19959688186645508 
TCAPPDLL 2025-07-21 13:02:59.742035 - Epoch: 0 Iteration: 21  rank : 0  train.loss : 7.281609535217285  train.ips : 9.890336987509462 imgs/s train.total_time : 0.20221757888793945 
TCAPPDLL 2025-07-21 13:02:59.976192 - Epoch: 0 Iteration: 22  rank : 0  train.loss : 7.5144429206848145  train.ips : 8.545494737892977 imgs/s train.total_time : 0.23404145240783691 
TCAPPDLL 2025-07-21 13:03:00.176371 - Epoch: 0 Iteration: 23  rank : 0  train.loss : 6.838325023651123  train.ips : 9.996803828731935 imgs/s train.total_time : 0.20006394386291504 
TCAPPDLL 2025-07-21 13:03:00.379406 - Epoch: 0 Iteration: 24  rank : 0  train.loss : 6.377297878265381  train.ips : 9.856183931166806 imgs/s train.total_time : 0.20291829109191895 
TCAPPDLL 2025-07-21 13:03:00.588365 - Epoch: 0 Iteration: 25  rank : 0  train.loss : 6.598170757293701  train.ips : 9.576583138306981 imgs/s train.total_time : 0.20884275436401367 
TCAPPDLL 2025-07-21 13:03:00.789414 - Epoch: 0 Iteration: 26  rank : 0  train.loss : 6.245636940002441  train.ips : 9.953532191789762 imgs/s train.total_time : 0.20093369483947754 
TCAPPDLL 2025-07-21 13:03:01.472004 - Epoch: 0 Iteration: 27  rank : 0  train.loss : 5.683817386627197  train.ips : 2.9305088647756214 imgs/s train.total_time : 0.6824753284454346 
TCAPPDLL 2025-07-21 13:03:01.682614 - Epoch: 0 Iteration: 28  rank : 0  train.loss : 5.560657978057861  train.ips : 9.501004623305901 imgs/s train.total_time : 0.21050405502319336 
TCAPPDLL 2025-07-21 13:03:01.898685 - Epoch: 0 Iteration: 29  rank : 0  train.loss : 5.180124282836914  train.ips : 9.261463929499621 imgs/s train.total_time : 0.21594858169555664 
TCAPPDLL 2025-07-21 13:03:02.108952 - Epoch: 0 Iteration: 30  rank : 0  train.loss : 4.694037914276123  train.ips : 9.517756568228338 imgs/s train.total_time : 0.21013355255126953 
TCAPPDLL 2025-07-21 13:03:02.300010 - Epoch: 0 Iteration: 31  rank : 0  train.loss : 4.2275567054748535  train.ips : 10.47393754299834 imgs/s train.total_time : 0.1909501552581787 
TCAPPDLL 2025-07-21 13:03:02.508883 - Epoch: 0 Iteration: 32  rank : 0  train.loss : 4.286464214324951  train.ips : 9.580640924462555 imgs/s train.total_time : 0.208754301071167 
TCAPPDLL 2025-07-21 13:03:02.704804 - Epoch: 0 Iteration: 33  rank : 0  train.loss : 3.5733795166015625  train.ips : 10.213618144538765 imgs/s train.total_time : 0.1958169937133789 
TCAPPDLL 2025-07-21 13:03:02.924817 - Epoch: 0 Iteration: 34  rank : 0  train.loss : 3.021827459335327  train.ips : 9.095116662329778 imgs/s train.total_time : 0.21989822387695312 
TCAPPDLL 2025-07-21 13:03:03.192773 - Epoch: 0 Iteration: 35  rank : 0  train.loss : 2.9823081493377686  train.ips : 7.468363693990219 imgs/s train.total_time : 0.26779627799987793 
TCAPPDLL 2025-07-21 13:03:03.399172 - Epoch: 0 Iteration: 36  rank : 0  train.loss : 3.1118838787078857  train.ips : 9.696568417232008 imgs/s train.total_time : 0.20625853538513184 
TCAPPDLL 2025-07-21 13:03:04.087883 - Epoch: 0 Iteration: 37  rank : 0  train.loss : 2.8969388008117676  train.ips : 2.9045320295972106 imgs/s train.total_time : 0.6885790824890137 
TCAPPDLL 2025-07-21 13:03:04.344823 - Epoch: 0 Iteration: 38  rank : 0  train.loss : 2.2942326068878174  train.ips : 7.7869421294276435 imgs/s train.total_time : 0.25684022903442383 
TCAPPDLL 2025-07-21 13:03:04.969702 - Epoch: 0 Iteration: 39  rank : 0  train.loss : 2.4174931049346924  train.ips : 3.201147872543408 imgs/s train.total_time : 0.6247758865356445 
TCAPPDLL 2025-07-21 13:03:05.176140 - Epoch: 0 Iteration: 40  rank : 0  train.loss : 1.4892133474349976  train.ips : 9.692949433463442 imgs/s train.total_time : 0.20633554458618164 
TCAPPDLL 2025-07-21 13:03:05.395175 - Epoch: 0 Iteration: 41  rank : 0  train.loss : 1.752327561378479  train.ips : 9.135359708665439 imgs/s train.total_time : 0.21892952919006348 
TCAPPDLL 2025-07-21 13:03:05.597797 - Epoch: 0 Iteration: 42  rank : 0  train.loss : 1.7582452297210693  train.ips : 9.87631715891618 imgs/s train.total_time : 0.20250463485717773 
TCAPPDLL 2025-07-21 13:03:05.803035 - Epoch: 0 Iteration: 43  rank : 0  train.loss : 1.213280200958252  train.ips : 9.749773939725008 imgs/s train.total_time : 0.20513296127319336 
TCAPPDLL 2025-07-21 13:03:05.998205 - Epoch: 0 Iteration: 44  rank : 0  train.loss : 1.079119086265564  train.ips : 10.254332532653672 imgs/s train.total_time : 0.1950395107269287 
TCAPPDLL 2025-07-21 13:03:06.204026 - Epoch: 0 Iteration: 45  rank : 0  train.loss : 2.81414532661438  train.ips : 9.723521031907483 imgs/s train.total_time : 0.2056868076324463 
TCAPPDLL 2025-07-21 13:03:06.428353 - Epoch: 0 Iteration: 46  rank : 0  train.loss : 2.436548948287964  train.ips : 8.925893216259526 imgs/s train.total_time : 0.22406721115112305 
TCAPPDLL 2025-07-21 13:03:06.645682 - Epoch: 0 Iteration: 47  rank : 0  train.loss : 1.3387197256088257  train.ips : 9.20767689850666 imgs/s train.total_time : 0.217210054397583 
TCAPPDLL 2025-07-21 13:03:06.869186 - Epoch: 0 Iteration: 48  rank : 0  train.loss : 1.8606263399124146  train.ips : 8.953024575274451 imgs/s train.total_time : 0.2233881950378418 
TCAPPDLL 2025-07-21 13:03:07.082548 - Epoch: 0 Iteration: 49  rank : 0  train.loss : 2.681145429611206  train.ips : 9.378698436549676 imgs/s train.total_time : 0.21324920654296875 
07/21 13:03:07 - mmengine - INFO - Epoch(train)  [1][   50/58633]  lr: 9.9098e-05  eta: 2 days, 18:14:28  time: 0.3390  data_time: 0.0140  memory: 4040  loss: 5.7182  loss_rpn_cls: 0.6669  loss_rpn_bbox: 0.1140  s0.loss_cls: 2.5914  s0.acc: 92.6758  s0.loss_bbox: 0.0449  s1.loss_cls: 1.3837  s1.acc: 96.1914  s1.loss_bbox: 0.0134  s2.loss_cls: 0.9020  s2.acc: 97.8516  s2.loss_bbox: 0.0020
TCAPPDLL 2025-07-21 13:03:07.320938 - Epoch: 0 Iteration: 50  rank : 0  train.loss : 1.6470142602920532  train.ips : 8.39466895098261 imgs/s train.total_time : 0.23824644088745117 
TCAPPDLL 2025-07-21 13:03:07.544763 - Epoch: 0 Iteration: 51  rank : 0  train.loss : 1.811387300491333  train.ips : 8.940686447443168 imgs/s train.total_time : 0.22369647026062012 
TCAPPDLL 2025-07-21 13:03:07.761328 - Epoch: 0 Iteration: 52  rank : 0  train.loss : 1.9614882469177246  train.ips : 9.239898311208238 imgs/s train.total_time : 0.21645259857177734 
TCAPPDLL 2025-07-21 13:03:07.990645 - Epoch: 0 Iteration: 53  rank : 0  train.loss : 2.4606375694274902  train.ips : 8.726316446478727 imgs/s train.total_time : 0.22919178009033203 
TCAPPDLL 2025-07-21 13:03:08.207068 - Epoch: 0 Iteration: 54  rank : 0  train.loss : 1.2015645503997803  train.ips : 9.246385981078689 imgs/s train.total_time : 0.21630072593688965 
TCAPPDLL 2025-07-21 13:03:08.427585 - Epoch: 0 Iteration: 55  rank : 0  train.loss : 2.162458658218384  train.ips : 9.074582948852616 imgs/s train.total_time : 0.22039580345153809 
TCAPPDLL 2025-07-21 13:03:08.663856 - Epoch: 0 Iteration: 56  rank : 0  train.loss : 1.1814649105072021  train.ips : 8.469517298755006 imgs/s train.total_time : 0.23614096641540527 
TCAPPDLL 2025-07-21 13:03:08.880542 - Epoch: 0 Iteration: 57  rank : 0  train.loss : 1.6282219886779785  train.ips : 9.236134141051135 imgs/s train.total_time : 0.21654081344604492 
TCAPPDLL 2025-07-21 13:03:09.103814 - Epoch: 0 Iteration: 58  rank : 0  train.loss : 2.140963077545166  train.ips : 8.963423377794589 imgs/s train.total_time : 0.2231290340423584 
TCAPPDLL 2025-07-21 13:03:09.328135 - Epoch: 0 Iteration: 59  rank : 0  train.loss : 1.1861183643341064  train.ips : 8.924364365983061 imgs/s train.total_time : 0.2241055965423584 
TCAPPDLL 2025-07-21 13:03:09.544382 - Epoch: 0 Iteration: 60  rank : 0  train.loss : 2.015347957611084  train.ips : 9.256405248447171 imgs/s train.total_time : 0.21606659889221191 
TCAPPDLL 2025-07-21 13:03:09.774193 - Epoch: 0 Iteration: 61  rank : 0  train.loss : 1.9148367643356323  train.ips : 8.709048739314332 imgs/s train.total_time : 0.2296462059020996 
TCAPPDLL 2025-07-21 13:03:09.992845 - Epoch: 0 Iteration: 62  rank : 0  train.loss : 0.8329464197158813  train.ips : 9.153092600149703 imgs/s train.total_time : 0.2185053825378418 
TCAPPDLL 2025-07-21 13:03:10.205417 - Epoch: 0 Iteration: 63  rank : 0  train.loss : 1.864467978477478  train.ips : 9.414158145944787 imgs/s train.total_time : 0.21244597434997559 
TCAPPDLL 2025-07-21 13:03:10.423718 - Epoch: 0 Iteration: 64  rank : 0  train.loss : 1.2810847759246826  train.ips : 9.16700597866651 imgs/s train.total_time : 0.21817374229431152 
TCAPPDLL 2025-07-21 13:03:10.635877 - Epoch: 0 Iteration: 65  rank : 0  train.loss : 1.6411856412887573  train.ips : 9.432386452440628 imgs/s train.total_time : 0.2120354175567627 
TCAPPDLL 2025-07-21 13:03:10.889249 - Epoch: 0 Iteration: 66  rank : 0  train.loss : 1.0508214235305786  train.ips : 7.897226756742 imgs/s train.total_time : 0.2532534599304199 
TCAPPDLL 2025-07-21 13:03:11.094721 - Epoch: 0 Iteration: 67  rank : 0  train.loss : 1.569820761680603  train.ips : 9.738952755338737 imgs/s train.total_time : 0.20536088943481445 
TCAPPDLL 2025-07-21 13:03:11.301552 - Epoch: 0 Iteration: 68  rank : 0  train.loss : 0.8492145538330078  train.ips : 9.674861484662973 imgs/s train.total_time : 0.20672130584716797 
TCAPPDLL 2025-07-21 13:03:11.507000 - Epoch: 0 Iteration: 69  rank : 0  train.loss : 0.8745009899139404  train.ips : 9.7401740285496 imgs/s train.total_time : 0.20533514022827148 
TCAPPDLL 2025-07-21 13:03:11.712484 - Epoch: 0 Iteration: 70  rank : 0  train.loss : 1.7313114404678345  train.ips : 9.738545732323173 imgs/s train.total_time : 0.2053694725036621 
TCAPPDLL 2025-07-21 13:03:11.921480 - Epoch: 0 Iteration: 71  rank : 0  train.loss : 2.1020359992980957  train.ips : 9.575500913761672 imgs/s train.total_time : 0.20886635780334473 
TCAPPDLL 2025-07-21 13:03:12.156692 - Epoch: 0 Iteration: 72  rank : 0  train.loss : 0.9904264807701111  train.ips : 8.508138842599683 imgs/s train.total_time : 0.23506903648376465 
TCAPPDLL 2025-07-21 13:03:12.363027 - Epoch: 0 Iteration: 73  rank : 0  train.loss : 1.9604465961456299  train.ips : 9.699147050287843 imgs/s train.total_time : 0.20620369911193848 
TCAPPDLL 2025-07-21 13:03:13.017098 - Epoch: 0 Iteration: 74  rank : 0  train.loss : 0.8983640074729919  train.ips : 3.058345710933632 imgs/s train.total_time : 0.6539483070373535 
TCAPPDLL 2025-07-21 13:03:13.251849 - Epoch: 0 Iteration: 75  rank : 0  train.loss : 0.8014109134674072  train.ips : 8.52644653467963 imgs/s train.total_time : 0.23456430435180664 
TCAPPDLL 2025-07-21 13:03:13.467534 - Epoch: 0 Iteration: 76  rank : 0  train.loss : 0.7574843764305115  train.ips : 9.278448306374544 imgs/s train.total_time : 0.21555328369140625 
TCAPPDLL 2025-07-21 13:03:14.141712 - Epoch: 0 Iteration: 77  rank : 0  train.loss : 0.8984147906303406  train.ips : 2.9671164887280383 imgs/s train.total_time : 0.6740550994873047 
TCAPPDLL 2025-07-21 13:03:14.373751 - Epoch: 0 Iteration: 78  rank : 0  train.loss : 2.17602801322937  train.ips : 8.62353907502079 imgs/s train.total_time : 0.23192334175109863 
TCAPPDLL 2025-07-21 13:03:14.589854 - Epoch: 0 Iteration: 79  rank : 0  train.loss : 1.501454472541809  train.ips : 9.26014507392235 imgs/s train.total_time : 0.21597933769226074 
TCAPPDLL 2025-07-21 13:03:14.809244 - Epoch: 0 Iteration: 80  rank : 0  train.loss : 1.0008035898208618  train.ips : 9.12133387120801 imgs/s train.total_time : 0.21926617622375488 
TCAPPDLL 2025-07-21 13:03:15.025739 - Epoch: 0 Iteration: 81  rank : 0  train.loss : 1.5092722177505493  train.ips : 9.243431281479987 imgs/s train.total_time : 0.2163698673248291 
TCAPPDLL 2025-07-21 13:03:15.249788 - Epoch: 0 Iteration: 82  rank : 0  train.loss : 1.1766743659973145  train.ips : 8.93163345052502 imgs/s train.total_time : 0.2239232063293457 
TCAPPDLL 2025-07-21 13:03:15.478424 - Epoch: 0 Iteration: 83  rank : 0  train.loss : 1.5845675468444824  train.ips : 8.752657273997373 imgs/s train.total_time : 0.2285020351409912 
TCAPPDLL 2025-07-21 13:03:15.701079 - Epoch: 0 Iteration: 84  rank : 0  train.loss : 0.725231945514679  train.ips : 8.988182703609692 imgs/s train.total_time : 0.22251439094543457 
TCAPPDLL 2025-07-21 13:03:15.922833 - Epoch: 0 Iteration: 85  rank : 0  train.loss : 1.5496604442596436  train.ips : 9.024355818716973 imgs/s train.total_time : 0.22162246704101562 
TCAPPDLL 2025-07-21 13:03:16.133312 - Epoch: 0 Iteration: 86  rank : 0  train.loss : 3.1990602016448975  train.ips : 9.507023785103343 imgs/s train.total_time : 0.21037077903747559 
TCAPPDLL 2025-07-21 13:03:16.347427 - Epoch: 0 Iteration: 87  rank : 0  train.loss : 1.1218342781066895  train.ips : 9.34557632447343 imgs/s train.total_time : 0.2140049934387207 
TCAPPDLL 2025-07-21 13:03:16.575958 - Epoch: 0 Iteration: 88  rank : 0  train.loss : 1.5688211917877197  train.ips : 8.755736010938659 imgs/s train.total_time : 0.22842168807983398 
TCAPPDLL 2025-07-21 13:03:16.796859 - Epoch: 0 Iteration: 89  rank : 0  train.loss : 1.3534009456634521  train.ips : 9.05863931561908 imgs/s train.total_time : 0.22078371047973633 
TCAPPDLL 2025-07-21 13:03:17.018293 - Epoch: 0 Iteration: 90  rank : 0  train.loss : 0.5049960017204285  train.ips : 9.037588168814393 imgs/s train.total_time : 0.2212979793548584 
TCAPPDLL 2025-07-21 13:03:17.216407 - Epoch: 0 Iteration: 91  rank : 0  train.loss : 0.7624785900115967  train.ips : 10.101705773619214 imgs/s train.total_time : 0.19798636436462402 
TCAPPDLL 2025-07-21 13:03:17.417039 - Epoch: 0 Iteration: 92  rank : 0  train.loss : 2.354569911956787  train.ips : 9.974670359135828 imgs/s train.total_time : 0.20050787925720215 
TCAPPDLL 2025-07-21 13:03:17.629651 - Epoch: 0 Iteration: 93  rank : 0  train.loss : 1.3070937395095825  train.ips : 9.414337755850989 imgs/s train.total_time : 0.21244192123413086 
TCAPPDLL 2025-07-21 13:03:17.848783 - Epoch: 0 Iteration: 94  rank : 0  train.loss : 2.061479330062866  train.ips : 9.137489202575479 imgs/s train.total_time : 0.21887850761413574 
TCAPPDLL 2025-07-21 13:03:18.057923 - Epoch: 0 Iteration: 95  rank : 0  train.loss : 0.8491334319114685  train.ips : 9.574255018757926 imgs/s train.total_time : 0.2088935375213623 
TCAPPDLL 2025-07-21 13:03:18.272278 - Epoch: 0 Iteration: 96  rank : 0  train.loss : 0.5717928409576416  train.ips : 9.341319872473722 imgs/s train.total_time : 0.21410250663757324 
TCAPPDLL 2025-07-21 13:03:18.922293 - Epoch: 0 Iteration: 97  rank : 0  train.loss : 1.0940572023391724  train.ips : 3.0775480015731485 imgs/s train.total_time : 0.6498680114746094 
TCAPPDLL 2025-07-21 13:03:19.137651 - Epoch: 0 Iteration: 98  rank : 0  train.loss : 1.0704344511032104  train.ips : 9.291459078674833 imgs/s train.total_time : 0.21525144577026367 
TCAPPDLL 2025-07-21 13:03:19.347812 - Epoch: 0 Iteration: 99  rank : 0  train.loss : 1.4933617115020752  train.ips : 9.521181049365131 imgs/s train.total_time : 0.21005797386169434 
07/21 13:03:19 - mmengine - INFO - Epoch(train)  [1][  100/58633]  lr: 1.9920e-04  eta: 2 days, 9:04:17  time: 0.2452  data_time: 0.0068  memory: 4040  loss: 1.4390  loss_rpn_cls: 0.3245  loss_rpn_bbox: 0.0886  s0.loss_cls: 0.5908  s0.acc: 92.6758  s0.loss_bbox: 0.1253  s1.loss_cls: 0.1858  s1.acc: 96.7773  s1.loss_bbox: 0.0360  s2.loss_cls: 0.0827  s2.acc: 97.8516  s2.loss_bbox: 0.0055
