--------------+----------------------------------------------
 Host IP      | 10.244.54.23
 PyTorch      | 2.4.0a0+git4451b0e
 Torch-SDAA   | 20250711.14.48.dev0+gitef35a85
--------------+----------------------------------------------
 SDAA Driver  | 2.1.0 (N/A)
 SDAA Runtime | 2.1.0 (/opt/tecoai/lib64/libsdaart.so)
 SDPTI        | 1.4.0b0 (/opt/tecoai/lib64/libsdpti.so)
 TecoDNN      | 2.2.0b0 (/opt/tecoai/lib64/libtecodnn.so)
 TecoBLAS     | 2.2.0b0 (/opt/tecoai/lib64/libtecoblas.so)
 CustomDNN    | 2.2.0b0 (/opt/tecoai/lib64/libtecocustom.so)
 TecoRAND     | 2.0.1 (/opt/tecoai/lib64/libtecorand.so)
 TCCL         | 1.23.0 (/opt/tecoai/lib64/libtccl.so)
--------------+----------------------------------------------
/data/bigc-data/wyc/wyc_mmlab5/lib/python3.10/site-packages/torch/distributed/launch.py:208: FutureWarning: The module torch.distributed.launch is deprecated
and will be removed in future. Use torchrun.
Note that --use-env is set by default in torchrun.
If your script expects `--local-rank` argument to be set, please
change it to read from `os.environ['LOCAL_RANK']` instead. See 
https://pytorch.org/docs/stable/distributed.html#launch-utility for 
further instructions

  main()
--------------+----------------------------------------------
 Host IP      | 10.244.54.23
 PyTorch      | 2.4.0a0+git4451b0e
 Torch-SDAA   | 20250711.14.48.dev0+gitef35a85
--------------+----------------------------------------------
 SDAA Driver  | 2.1.0 (N/A)
 SDAA Runtime | 2.1.0 (/opt/tecoai/lib64/libsdaart.so)
 SDPTI        | 1.4.0b0 (/opt/tecoai/lib64/libsdpti.so)
 TecoDNN      | 2.2.0b0 (/opt/tecoai/lib64/libtecodnn.so)
 TecoBLAS     | 2.2.0b0 (/opt/tecoai/lib64/libtecoblas.so)
 CustomDNN    | 2.2.0b0 (/opt/tecoai/lib64/libtecocustom.so)
 TecoRAND     | 2.0.1 (/opt/tecoai/lib64/libtecorand.so)
 TCCL         | 1.23.0 (/opt/tecoai/lib64/libtccl.so)
--------------+----------------------------------------------
/data/bigc-data/wyc/wyc_mmlab5/lib/python3.10/site-packages/mmengine/optim/optimizer/zero_optimizer.py:11: DeprecationWarning: `TorchScript` support for functional optimizers is deprecated and will be removed in a future PyTorch release. Consider using the `torch.compile` optimizer instead.
  from torch.distributed.optim import \
/data/bigc-data/wyc/wyc_mmlab5/lib/python3.10/site-packages/mmengine/utils/dl_utils/setup_env.py:46: UserWarning: Setting OMP_NUM_THREADS environment variable for each process to be 1 in default, to avoid your system being overloaded, please further tune the variable for optimal performance in your application as needed.
  warnings.warn(
/data/bigc-data/wyc/wyc_mmlab5/lib/python3.10/site-packages/mmengine/utils/dl_utils/setup_env.py:56: UserWarning: Setting MKL_NUM_THREADS environment variable for each process to be 1 in default, to avoid your system being overloaded, please further tune the variable for optimal performance in your application as needed.
  warnings.warn(
07/21 12:02:44 - mmengine - INFO - 
------------------------------------------------------------
System environment:
    sys.platform: linux
    Python: 3.10.16 (main, Dec 11 2024, 16:24:50) [GCC 11.2.0]
    CUDA available: False
    MUSA available: False
    numpy_random_seed: 1956288858
    GCC: gcc (Ubuntu 11.4.0-1ubuntu1~22.04) 11.4.0
    PyTorch: 2.4.0a0+git4451b0e
    PyTorch compiling details: PyTorch built with:
  - GCC 11.5
  - C++ Version: 201703
  - Intel(R) oneAPI Math Kernel Library Version 2025.0-Product Build 20241009 for Intel(R) 64 architecture applications
  - Intel(R) MKL-DNN v3.4.2 (Git Hash 1137e04ec0b5251ca2b4400a4fd3c667ce843d67)
  - OpenMP 201511 (a.k.a. OpenMP 4.5)
  - LAPACK is enabled (usually provided by MKL)
  - NNPACK is enabled
  - CPU capability usage: AVX512
  - Build settings: BLAS_INFO=mkl, BUILD_TYPE=Release, CXX_COMPILER=/usr/bin/g++, CXX_FLAGS= -D_GLIBCXX_USE_CXX11_ABI=1 -fvisibility-inlines-hidden -DUSE_PTHREADPOOL -DNDEBUG -DUSE_KINETO -DLIBKINETO_NOCUPTI -DLIBKINETO_NOROCTRACER -DUSE_FBGEMM -DUSE_PYTORCH_QNNPACK -DUSE_XNNPACK -DSYMBOLICATE_MOBILE_DEBUG_HANDLE -O2 -fPIC -Wall -Wextra -Werror=return-type -Werror=non-virtual-dtor -Werror=range-loop-construct -Werror=bool-operation -Wnarrowing -Wno-missing-field-initializers -Wno-type-limits -Wno-array-bounds -Wno-unknown-pragmas -Wno-unused-parameter -Wno-unused-function -Wno-unused-result -Wno-strict-overflow -Wno-strict-aliasing -Wno-stringop-overflow -Wsuggest-override -Wno-psabi -Wno-error=pedantic -Wno-error=old-style-cast -Wno-missing-braces -fdiagnostics-color=always -faligned-new -Wno-unused-but-set-variable -Wno-maybe-uninitialized -fno-math-errno -fno-trapping-math -Werror=format -Wno-stringop-overflow, FORCE_FALLBACK_CUDA_MPI=1, LAPACK_INFO=mkl, PERF_WITH_AVX=1, PERF_WITH_AVX2=1, PERF_WITH_AVX512=1, TORCH_VERSION=2.4.0, USE_CUDA=OFF, USE_CUDNN=OFF, USE_CUSPARSELT=OFF, USE_EXCEPTION_PTR=1, USE_GFLAGS=OFF, USE_GLOG=OFF, USE_GLOO=ON, USE_MKL=ON, USE_MKLDNN=1, USE_MPI=ON, USE_NCCL=OFF, USE_NNPACK=ON, USE_OPENMP=ON, USE_ROCM=OFF, USE_ROCM_KERNEL_ASSERT=OFF, 

    TorchVision: 0.15.1a0+42759b1
    OpenCV: 4.11.0
    MMEngine: 0.10.4

Runtime environment:
    cudnn_benchmark: False
    mp_cfg: {'mp_start_method': 'fork', 'opencv_num_threads': 0}
    dist_cfg: {'backend': 'tccl'}
    seed: 1956288858
    Distributed launcher: pytorch
    Distributed training: True
    GPU number: 1
------------------------------------------------------------

07/21 12:02:44 - mmengine - INFO - Config:
auto_scale_lr = dict(base_batch_size=16, enable=False)
backend_args = None
data_root = '/data/teco-data/coco/'
dataset_type = 'CocoDataset'
default_hooks = dict(
    checkpoint=dict(interval=1, type='CheckpointHook'),
    logger=dict(interval=50, type='LoggerHook'),
    param_scheduler=dict(type='ParamSchedulerHook'),
    sampler_seed=dict(type='DistSamplerSeedHook'),
    timer=dict(type='IterTimerHook'),
    visualization=dict(type='DetVisualizationHook'))
default_scope = 'mmdet'
env_cfg = dict(
    cudnn_benchmark=False,
    dist_cfg=dict(backend='nccl'),
    mp_cfg=dict(mp_start_method='fork', opencv_num_threads=0))
launcher = 'pytorch'
load_from = None
log_level = 'INFO'
log_processor = dict(by_epoch=True, type='LogProcessor', window_size=50)
model = dict(
    backbone=dict(
        conv_cfg=dict(type='ConvAWS'),
        depth=50,
        frozen_stages=1,
        init_cfg=dict(checkpoint='torchvision://resnet50', type='Pretrained'),
        norm_cfg=dict(requires_grad=True, type='BN'),
        norm_eval=True,
        num_stages=4,
        out_indices=(
            0,
            1,
            2,
            3,
        ),
        output_img=True,
        style='pytorch',
        type='DetectoRS_ResNet'),
    data_preprocessor=dict(
        bgr_to_rgb=True,
        mean=[
            123.675,
            116.28,
            103.53,
        ],
        pad_size_divisor=32,
        std=[
            58.395,
            57.12,
            57.375,
        ],
        type='DetDataPreprocessor'),
    neck=dict(
        aspp_dilations=(
            1,
            3,
            6,
            1,
        ),
        aspp_out_channels=64,
        in_channels=[
            256,
            512,
            1024,
            2048,
        ],
        num_outs=5,
        out_channels=256,
        rfp_backbone=dict(
            conv_cfg=dict(type='ConvAWS'),
            depth=50,
            frozen_stages=1,
            norm_cfg=dict(requires_grad=True, type='BN'),
            norm_eval=True,
            num_stages=4,
            out_indices=(
                0,
                1,
                2,
                3,
            ),
            pretrained='torchvision://resnet50',
            rfp_inplanes=256,
            style='pytorch',
            type='DetectoRS_ResNet'),
        rfp_steps=2,
        type='RFP'),
    roi_head=dict(
        bbox_head=[
            dict(
                bbox_coder=dict(
                    target_means=[
                        0.0,
                        0.0,
                        0.0,
                        0.0,
                    ],
                    target_stds=[
                        0.1,
                        0.1,
                        0.2,
                        0.2,
                    ],
                    type='DeltaXYWHBBoxCoder'),
                fc_out_channels=1024,
                in_channels=256,
                loss_bbox=dict(beta=1.0, loss_weight=1.0, type='SmoothL1Loss'),
                loss_cls=dict(
                    loss_weight=1.0,
                    type='CrossEntropyLoss',
                    use_sigmoid=False),
                num_classes=80,
                reg_class_agnostic=True,
                roi_feat_size=7,
                type='Shared2FCBBoxHead'),
            dict(
                bbox_coder=dict(
                    target_means=[
                        0.0,
                        0.0,
                        0.0,
                        0.0,
                    ],
                    target_stds=[
                        0.05,
                        0.05,
                        0.1,
                        0.1,
                    ],
                    type='DeltaXYWHBBoxCoder'),
                fc_out_channels=1024,
                in_channels=256,
                loss_bbox=dict(beta=1.0, loss_weight=1.0, type='SmoothL1Loss'),
                loss_cls=dict(
                    loss_weight=1.0,
                    type='CrossEntropyLoss',
                    use_sigmoid=False),
                num_classes=80,
                reg_class_agnostic=True,
                roi_feat_size=7,
                type='Shared2FCBBoxHead'),
            dict(
                bbox_coder=dict(
                    target_means=[
                        0.0,
                        0.0,
                        0.0,
                        0.0,
                    ],
                    target_stds=[
                        0.033,
                        0.033,
                        0.067,
                        0.067,
                    ],
                    type='DeltaXYWHBBoxCoder'),
                fc_out_channels=1024,
                in_channels=256,
                loss_bbox=dict(beta=1.0, loss_weight=1.0, type='SmoothL1Loss'),
                loss_cls=dict(
                    loss_weight=1.0,
                    type='CrossEntropyLoss',
                    use_sigmoid=False),
                num_classes=80,
                reg_class_agnostic=True,
                roi_feat_size=7,
                type='Shared2FCBBoxHead'),
        ],
        bbox_roi_extractor=dict(
            featmap_strides=[
                4,
                8,
                16,
                32,
            ],
            out_channels=256,
            roi_layer=dict(output_size=7, sampling_ratio=0, type='RoIAlign'),
            type='SingleRoIExtractor'),
        num_stages=3,
        stage_loss_weights=[
            1,
            0.5,
            0.25,
        ],
        type='CascadeRoIHead'),
    rpn_head=dict(
        anchor_generator=dict(
            ratios=[
                0.5,
                1.0,
                2.0,
            ],
            scales=[
                8,
            ],
            strides=[
                4,
                8,
                16,
                32,
                64,
            ],
            type='AnchorGenerator'),
        bbox_coder=dict(
            target_means=[
                0.0,
                0.0,
                0.0,
                0.0,
            ],
            target_stds=[
                1.0,
                1.0,
                1.0,
                1.0,
            ],
            type='DeltaXYWHBBoxCoder'),
        feat_channels=256,
        in_channels=256,
        loss_bbox=dict(
            beta=0.1111111111111111, loss_weight=1.0, type='SmoothL1Loss'),
        loss_cls=dict(
            loss_weight=1.0, type='CrossEntropyLoss', use_sigmoid=True),
        type='RPNHead'),
    test_cfg=dict(
        rcnn=dict(
            max_per_img=100,
            nms=dict(iou_threshold=0.5, type='nms'),
            score_thr=0.05),
        rpn=dict(
            max_per_img=1000,
            min_bbox_size=0,
            nms=dict(iou_threshold=0.7, type='nms'),
            nms_pre=1000)),
    train_cfg=dict(
        rcnn=[
            dict(
                assigner=dict(
                    ignore_iof_thr=-1,
                    match_low_quality=False,
                    min_pos_iou=0.5,
                    neg_iou_thr=0.5,
                    pos_iou_thr=0.5,
                    type='MaxIoUAssigner'),
                debug=False,
                pos_weight=-1,
                sampler=dict(
                    add_gt_as_proposals=True,
                    neg_pos_ub=-1,
                    num=512,
                    pos_fraction=0.25,
                    type='RandomSampler')),
            dict(
                assigner=dict(
                    ignore_iof_thr=-1,
                    match_low_quality=False,
                    min_pos_iou=0.6,
                    neg_iou_thr=0.6,
                    pos_iou_thr=0.6,
                    type='MaxIoUAssigner'),
                debug=False,
                pos_weight=-1,
                sampler=dict(
                    add_gt_as_proposals=True,
                    neg_pos_ub=-1,
                    num=512,
                    pos_fraction=0.25,
                    type='RandomSampler')),
            dict(
                assigner=dict(
                    ignore_iof_thr=-1,
                    match_low_quality=False,
                    min_pos_iou=0.7,
                    neg_iou_thr=0.7,
                    pos_iou_thr=0.7,
                    type='MaxIoUAssigner'),
                debug=False,
                pos_weight=-1,
                sampler=dict(
                    add_gt_as_proposals=True,
                    neg_pos_ub=-1,
                    num=512,
                    pos_fraction=0.25,
                    type='RandomSampler')),
        ],
        rpn=dict(
            allowed_border=0,
            assigner=dict(
                ignore_iof_thr=-1,
                match_low_quality=True,
                min_pos_iou=0.3,
                neg_iou_thr=0.3,
                pos_iou_thr=0.7,
                type='MaxIoUAssigner'),
            debug=False,
            pos_weight=-1,
            sampler=dict(
                add_gt_as_proposals=False,
                neg_pos_ub=-1,
                num=256,
                pos_fraction=0.5,
                type='RandomSampler')),
        rpn_proposal=dict(
            max_per_img=2000,
            min_bbox_size=0,
            nms=dict(iou_threshold=0.7, type='nms'),
            nms_pre=2000)),
    type='CascadeRCNN')
optim_wrapper = dict(
    optimizer=dict(lr=0.02, momentum=0.9, type='SGD', weight_decay=0.0001),
    type='OptimWrapper')
param_scheduler = [
    dict(
        begin=0, by_epoch=False, end=500, start_factor=0.001, type='LinearLR'),
    dict(
        begin=0,
        by_epoch=True,
        end=12,
        gamma=0.1,
        milestones=[
            8,
            11,
        ],
        type='MultiStepLR'),
]
resume = False
test_cfg = dict(type='TestLoop')
test_dataloader = dict(
    batch_size=1,
    dataset=dict(
        ann_file='annotations/instances_val2017.json',
        backend_args=None,
        data_prefix=dict(img='val2017/'),
        data_root='/data/teco-data/coco/',
        pipeline=[
            dict(backend_args=None, type='LoadImageFromFile'),
            dict(keep_ratio=True, scale=(
                1333,
                800,
            ), type='Resize'),
            dict(type='LoadAnnotations', with_bbox=True),
            dict(
                meta_keys=(
                    'img_id',
                    'img_path',
                    'ori_shape',
                    'img_shape',
                    'scale_factor',
                ),
                type='PackDetInputs'),
        ],
        test_mode=True,
        type='CocoDataset'),
    drop_last=False,
    num_workers=2,
    persistent_workers=True,
    sampler=dict(shuffle=False, type='DefaultSampler'))
test_evaluator = dict(
    ann_file='/data/teco-data/coco/annotations/instances_val2017.json',
    backend_args=None,
    format_only=False,
    metric='bbox',
    type='CocoMetric')
test_pipeline = [
    dict(backend_args=None, type='LoadImageFromFile'),
    dict(keep_ratio=True, scale=(
        1333,
        800,
    ), type='Resize'),
    dict(type='LoadAnnotations', with_bbox=True),
    dict(
        meta_keys=(
            'img_id',
            'img_path',
            'ori_shape',
            'img_shape',
            'scale_factor',
        ),
        type='PackDetInputs'),
]
train_cfg = dict(max_epochs=12, type='EpochBasedTrainLoop', val_interval=1)
train_dataloader = dict(
    batch_sampler=dict(type='AspectRatioBatchSampler'),
    batch_size=2,
    dataset=dict(
        ann_file='annotations/instances_train2017.json',
        backend_args=None,
        data_prefix=dict(img='train2017/'),
        data_root='/data/teco-data/coco/',
        filter_cfg=dict(filter_empty_gt=True, min_size=32),
        pipeline=[
            dict(backend_args=None, type='LoadImageFromFile'),
            dict(type='LoadAnnotations', with_bbox=True),
            dict(keep_ratio=True, scale=(
                1333,
                800,
            ), type='Resize'),
            dict(prob=0.5, type='RandomFlip'),
            dict(type='PackDetInputs'),
        ],
        type='CocoDataset'),
    num_workers=2,
    persistent_workers=True,
    sampler=dict(shuffle=True, type='DefaultSampler'))
train_pipeline = [
    dict(backend_args=None, type='LoadImageFromFile'),
    dict(type='LoadAnnotations', with_bbox=True),
    dict(keep_ratio=True, scale=(
        1333,
        800,
    ), type='Resize'),
    dict(prob=0.5, type='RandomFlip'),
    dict(type='PackDetInputs'),
]
val_cfg = dict(type='ValLoop')
val_dataloader = dict(
    batch_size=1,
    dataset=dict(
        ann_file='annotations/instances_val2017.json',
        backend_args=None,
        data_prefix=dict(img='val2017/'),
        data_root='/data/teco-data/coco/',
        pipeline=[
            dict(backend_args=None, type='LoadImageFromFile'),
            dict(keep_ratio=True, scale=(
                1333,
                800,
            ), type='Resize'),
            dict(type='LoadAnnotations', with_bbox=True),
            dict(
                meta_keys=(
                    'img_id',
                    'img_path',
                    'ori_shape',
                    'img_shape',
                    'scale_factor',
                ),
                type='PackDetInputs'),
        ],
        test_mode=True,
        type='CocoDataset'),
    drop_last=False,
    num_workers=2,
    persistent_workers=True,
    sampler=dict(shuffle=False, type='DefaultSampler'))
val_evaluator = dict(
    ann_file='/data/teco-data/coco/annotations/instances_val2017.json',
    backend_args=None,
    format_only=False,
    metric='bbox',
    type='CocoMetric')
vis_backends = [
    dict(type='LocalVisBackend'),
]
visualizer = dict(
    name='visualizer',
    type='DetLocalVisualizer',
    vis_backends=[
        dict(type='LocalVisBackend'),
    ])
work_dir = './work_dirs/cascade-rcnn_r50-rfp_1x_coco'

07/21 12:03:05 - mmengine - INFO - Hooks will be executed in the following order:
before_run:
(VERY_HIGH   ) RuntimeInfoHook                    
(BELOW_NORMAL) LoggerHook                         
 -------------------- 
before_train:
(VERY_HIGH   ) RuntimeInfoHook                    
(NORMAL      ) IterTimerHook                      
(VERY_LOW    ) CheckpointHook                     
 -------------------- 
before_train_epoch:
(VERY_HIGH   ) RuntimeInfoHook                    
(NORMAL      ) IterTimerHook                      
(NORMAL      ) DistSamplerSeedHook                
 -------------------- 
before_train_iter:
(VERY_HIGH   ) RuntimeInfoHook                    
(NORMAL      ) IterTimerHook                      
 -------------------- 
after_train_iter:
(VERY_HIGH   ) RuntimeInfoHook                    
(NORMAL      ) IterTimerHook                      
(BELOW_NORMAL) LoggerHook                         
(LOW         ) ParamSchedulerHook                 
(VERY_LOW    ) CheckpointHook                     
 -------------------- 
after_train_epoch:
(NORMAL      ) IterTimerHook                      
(LOW         ) ParamSchedulerHook                 
(VERY_LOW    ) CheckpointHook                     
 -------------------- 
before_val:
(VERY_HIGH   ) RuntimeInfoHook                    
 -------------------- 
before_val_epoch:
(NORMAL      ) IterTimerHook                      
 -------------------- 
before_val_iter:
(NORMAL      ) IterTimerHook                      
 -------------------- 
after_val_iter:
(NORMAL      ) IterTimerHook                      
(NORMAL      ) DetVisualizationHook               
(BELOW_NORMAL) LoggerHook                         
 -------------------- 
after_val_epoch:
(VERY_HIGH   ) RuntimeInfoHook                    
(NORMAL      ) IterTimerHook                      
(BELOW_NORMAL) LoggerHook                         
(LOW         ) ParamSchedulerHook                 
(VERY_LOW    ) CheckpointHook                     
 -------------------- 
after_val:
(VERY_HIGH   ) RuntimeInfoHook                    
 -------------------- 
after_train:
(VERY_HIGH   ) RuntimeInfoHook                    
(VERY_LOW    ) CheckpointHook                     
 -------------------- 
before_test:
(VERY_HIGH   ) RuntimeInfoHook                    
 -------------------- 
before_test_epoch:
(NORMAL      ) IterTimerHook                      
 -------------------- 
before_test_iter:
(NORMAL      ) IterTimerHook                      
 -------------------- 
after_test_iter:
(NORMAL      ) IterTimerHook                      
(NORMAL      ) DetVisualizationHook               
(BELOW_NORMAL) LoggerHook                         
 -------------------- 
after_test_epoch:
(VERY_HIGH   ) RuntimeInfoHook                    
(NORMAL      ) IterTimerHook                      
(BELOW_NORMAL) LoggerHook                         
 -------------------- 
after_test:
(VERY_HIGH   ) RuntimeInfoHook                    
 -------------------- 
after_run:
(BELOW_NORMAL) LoggerHook                         
 -------------------- 
loading annotations into memory...
Done (t=15.48s)
creating index...
index created!
loading annotations into memory...
Done (t=0.41s)
creating index...
index created!
loading annotations into memory...
Done (t=0.41s)
creating index...
index created!
07/21 12:03:33 - mmengine - INFO - Loads checkpoint by torchvision backend from path: torchvision://resnet50
07/21 12:03:37 - mmengine - WARNING - The model and loaded state dict do not match exactly

unexpected key in source state_dict: fc.weight, fc.bias

07/21 12:03:37 - mmengine - INFO - Loads checkpoint by torchvision backend from path: torchvision://resnet50
07/21 12:03:45 - mmengine - WARNING - The model and loaded state dict do not match exactly

unexpected key in source state_dict: fc.weight, fc.bias

missing keys in source state_dict: layer2.0.rfp_conv.weight, layer2.0.rfp_conv.bias, layer3.0.rfp_conv.weight, layer3.0.rfp_conv.bias, layer4.0.rfp_conv.weight, layer4.0.rfp_conv.bias

07/21 12:03:45 - mmengine - WARNING - "FileClient" will be deprecated in future. Please use io functions in https://mmengine.readthedocs.io/en/latest/api/fileio.html#file-io
07/21 12:03:45 - mmengine - WARNING - "HardDiskBackend" is the alias of "LocalBackend" and the former will be deprecated in future.
07/21 12:03:45 - mmengine - INFO - Checkpoints will be saved to /data/bigc-data/wyc/DetectoRS/run_scripts/work_dirs/cascade-rcnn_r50-rfp_1x_coco.
/data/bigc-data/wyc/wyc_mmlab5/lib/python3.10/site-packages/torch/autograd/graph.py:768: UserWarning: Grad strides do not match bucket view strides. This may indicate grad was not created according to the gradient layout contract, or that the param's strides changed since DDP was constructed.  This is not an error, but may impair performance.
grad.sizes() = [2048, 512, 1, 1], strides() = [1, 2048, 1, 1]
bucket_view.sizes() = [2048, 512, 1, 1], strides() = [1, 2048, 2048, 2048] (Triggered internally at /root/pytorch/torch/csrc/distributed/c10d/reducer.cpp:327.)
  return Variable._execution_engine.run_backward(  # Calls into the C++ engine to run the backward pass
TCAPPDLL 2025-07-21 12:04:08.245257 - Epoch: 0 Iteration: 0  rank : 0  train.loss : 8.591532707214355  train.ips : 0.08794163421852418 imgs/s train.total_time : 22.742356538772583 
TCAPPDLL 2025-07-21 12:04:28.350357 - Epoch: 0 Iteration: 1  rank : 0  train.loss : 8.543286323547363  train.ips : 0.09947942518389108 imgs/s train.total_time : 20.10465979576111 
TCAPPDLL 2025-07-21 12:04:47.424070 - Epoch: 0 Iteration: 2  rank : 0  train.loss : 8.453863143920898  train.ips : 0.10485939702791656 imgs/s train.total_time : 19.07315945625305 
TCAPPDLL 2025-07-21 12:05:07.967277 - Epoch: 0 Iteration: 3  rank : 0  train.loss : 8.60844612121582  train.ips : 0.09735805996209021 imgs/s train.total_time : 20.542726516723633 
TCAPPDLL 2025-07-21 12:05:27.700217 - Epoch: 0 Iteration: 4  rank : 0  train.loss : 8.43488597869873  train.ips : 0.10135549402171586 imgs/s train.total_time : 19.732526779174805 
TCAPPDLL 2025-07-21 12:05:46.917692 - Epoch: 0 Iteration: 5  rank : 0  train.loss : 8.421936988830566  train.ips : 0.10407426423537956 imgs/s train.total_time : 19.2170467376709 
TCAPPDLL 2025-07-21 12:06:06.728653 - Epoch: 0 Iteration: 6  rank : 0  train.loss : 8.352057456970215  train.ips : 0.10095646428428685 imgs/s train.total_time : 19.810519456863403 
TCAPPDLL 2025-07-21 12:06:26.687191 - Epoch: 0 Iteration: 7  rank : 0  train.loss : 8.34356689453125  train.ips : 0.100209953785033 imgs/s train.total_time : 19.958097219467163 
TCAPPDLL 2025-07-21 12:06:46.129709 - Epoch: 0 Iteration: 8  rank : 0  train.loss : 8.164785385131836  train.ips : 0.10286966431112046 imgs/s train.total_time : 19.44207763671875 
TCAPPDLL 2025-07-21 12:07:05.831396 - Epoch: 0 Iteration: 9  rank : 0  train.loss : 8.095367431640625  train.ips : 0.10151639347932481 imgs/s train.total_time : 19.70125150680542 
TCAPPDLL 2025-07-21 12:07:26.097443 - Epoch: 0 Iteration: 10  rank : 0  train.loss : 8.144552230834961  train.ips : 0.09868947105077493 imgs/s train.total_time : 20.265586376190186 
TCAPPDLL 2025-07-21 12:07:46.285865 - Epoch: 0 Iteration: 11  rank : 0  train.loss : 7.946132659912109  train.ips : 0.09906901012218688 imgs/s train.total_time : 20.187947750091553 
TCAPPDLL 2025-07-21 12:08:05.873674 - Epoch: 0 Iteration: 12  rank : 0  train.loss : 7.902486801147461  train.ips : 0.1021066241861838 imgs/s train.total_time : 19.58736777305603 
TCAPPDLL 2025-07-21 12:08:26.373363 - Epoch: 0 Iteration: 13  rank : 0  train.loss : 7.7135162353515625  train.ips : 0.09756457145187251 imgs/s train.total_time : 20.499244451522827 
TCAPPDLL 2025-07-21 12:08:46.182685 - Epoch: 0 Iteration: 14  rank : 0  train.loss : 7.493526935577393  train.ips : 0.10096481692540676 imgs/s train.total_time : 19.80888056755066 
TCAPPDLL 2025-07-21 12:09:06.525611 - Epoch: 0 Iteration: 15  rank : 0  train.loss : 7.298639297485352  train.ips : 0.09831639401041994 imgs/s train.total_time : 20.342487335205078 
TCAPPDLL 2025-07-21 12:09:26.921563 - Epoch: 0 Iteration: 16  rank : 0  train.loss : 7.1784138679504395  train.ips : 0.09806079887643655 imgs/s train.total_time : 20.395509958267212 
TCAPPDLL 2025-07-21 12:09:47.758483 - Epoch: 0 Iteration: 17  rank : 0  train.loss : 6.879581928253174  train.ips : 0.09598540724784677 imgs/s train.total_time : 20.836500644683838 
TCAPPDLL 2025-07-21 12:10:08.552662 - Epoch: 0 Iteration: 18  rank : 0  train.loss : 6.673213481903076  train.ips : 0.09618301277939725 imgs/s train.total_time : 20.793692588806152 
TCAPPDLL 2025-07-21 12:10:28.611447 - Epoch: 0 Iteration: 19  rank : 0  train.loss : 6.3641228675842285  train.ips : 0.09970930686586227 imgs/s train.total_time : 20.058308124542236 
TCAPPDLL 2025-07-21 12:10:49.750784 - Epoch: 0 Iteration: 20  rank : 0  train.loss : 6.335171222686768  train.ips : 0.0946122542320858 imgs/s train.total_time : 21.13891077041626 
TCAPPDLL 2025-07-21 12:11:11.411622 - Epoch: 0 Iteration: 21  rank : 0  train.loss : 6.230901718139648  train.ips : 0.09233445350638998 imgs/s train.total_time : 21.66038703918457 
TCAPPDLL 2025-07-21 12:11:32.243115 - Epoch: 0 Iteration: 22  rank : 0  train.loss : 5.690617561340332  train.ips : 0.09601066488094585 imgs/s train.total_time : 20.831019163131714 
TCAPPDLL 2025-07-21 12:11:53.270417 - Epoch: 0 Iteration: 23  rank : 0  train.loss : 5.530625820159912  train.ips : 0.09511647561807253 imgs/s train.total_time : 21.026851415634155 
TCAPPDLL 2025-07-21 12:12:14.790437 - Epoch: 0 Iteration: 24  rank : 0  train.loss : 5.529482841491699  train.ips : 0.0929389385795253 imgs/s train.total_time : 21.519505500793457 
TCAPPDLL 2025-07-21 12:12:34.481870 - Epoch: 0 Iteration: 25  rank : 0  train.loss : 4.5485358238220215  train.ips : 0.10156985981517756 imgs/s train.total_time : 19.69088077545166 
TCAPPDLL 2025-07-21 12:12:55.540607 - Epoch: 0 Iteration: 26  rank : 0  train.loss : 4.568197250366211  train.ips : 0.09497466461586981 imgs/s train.total_time : 21.058247566223145 
TCAPPDLL 2025-07-21 12:13:17.903040 - Epoch: 0 Iteration: 27  rank : 0  train.loss : 4.335592746734619  train.ips : 0.08943724403136559 imgs/s train.total_time : 22.362048625946045 
TCAPPDLL 2025-07-21 12:13:40.139249 - Epoch: 0 Iteration: 28  rank : 0  train.loss : 4.115051746368408  train.ips : 0.089945509281247 imgs/s train.total_time : 22.235684871673584 
TCAPPDLL 2025-07-21 12:14:02.680311 - Epoch: 0 Iteration: 29  rank : 0  train.loss : 3.9498636722564697  train.ips : 0.0887289776986867 imgs/s train.total_time : 22.540550470352173 
TCAPPDLL 2025-07-21 12:14:25.567407 - Epoch: 0 Iteration: 30  rank : 0  train.loss : 3.821685314178467  train.ips : 0.08738737944764886 imgs/s train.total_time : 22.886600017547607 
TCAPPDLL 2025-07-21 12:14:48.303845 - Epoch: 0 Iteration: 31  rank : 0  train.loss : 3.208751916885376  train.ips : 0.08796633973097359 imgs/s train.total_time : 22.735969305038452 
TCAPPDLL 2025-07-21 12:15:10.167888 - Epoch: 0 Iteration: 32  rank : 0  train.loss : 3.6547441482543945  train.ips : 0.09147633333204293 imgs/s train.total_time : 21.86357855796814 
TCAPPDLL 2025-07-21 12:15:31.728427 - Epoch: 0 Iteration: 33  rank : 0  train.loss : 3.1330175399780273  train.ips : 0.09276405661744837 imgs/s train.total_time : 21.56007480621338 
TCAPPDLL 2025-07-21 12:15:54.816335 - Epoch: 0 Iteration: 34  rank : 0  train.loss : 2.9764418601989746  train.ips : 0.08662711525671651 imgs/s train.total_time : 23.087459325790405 
TCAPPDLL 2025-07-21 12:16:17.382701 - Epoch: 0 Iteration: 35  rank : 0  train.loss : 2.7574944496154785  train.ips : 0.08862900632341356 imgs/s train.total_time : 22.565975666046143 
TCAPPDLL 2025-07-21 12:16:39.893054 - Epoch: 0 Iteration: 36  rank : 0  train.loss : 2.7105295658111572  train.ips : 0.08884993200846093 imgs/s train.total_time : 22.509865283966064 
TCAPPDLL 2025-07-21 12:17:02.918211 - Epoch: 0 Iteration: 37  rank : 0  train.loss : 2.4954984188079834  train.ips : 0.08686335358351584 imgs/s train.total_time : 23.024669408798218 
TCAPPDLL 2025-07-21 12:17:25.496943 - Epoch: 0 Iteration: 38  rank : 0  train.loss : 2.3943517208099365  train.ips : 0.08858071155419846 imgs/s train.total_time : 22.57827877998352 
TCAPPDLL 2025-07-21 12:17:49.068222 - Epoch: 0 Iteration: 39  rank : 0  train.loss : 2.2354087829589844  train.ips : 0.08485065717978031 imgs/s train.total_time : 23.57082509994507 
TCAPPDLL 2025-07-21 12:18:11.796349 - Epoch: 0 Iteration: 40  rank : 0  train.loss : 2.7850019931793213  train.ips : 0.08799852473634115 imgs/s train.total_time : 22.727653741836548 
TCAPPDLL 2025-07-21 12:18:34.034295 - Epoch: 0 Iteration: 41  rank : 0  train.loss : 2.524822473526001  train.ips : 0.08993805970470097 imgs/s train.total_time : 22.237526655197144 
TCAPPDLL 2025-07-21 12:18:56.237895 - Epoch: 0 Iteration: 42  rank : 0  train.loss : 2.3947055339813232  train.ips : 0.09007718587138873 imgs/s train.total_time : 22.20318031311035 
TCAPPDLL 2025-07-21 12:19:19.912500 - Epoch: 0 Iteration: 43  rank : 0  train.loss : 2.0987565517425537  train.ips : 0.08448028900880121 imgs/s train.total_time : 23.674161434173584 
TCAPPDLL 2025-07-21 12:19:42.669057 - Epoch: 0 Iteration: 44  rank : 0  train.loss : 1.757549524307251  train.ips : 0.08788879315441606 imgs/s train.total_time : 22.756029844284058 
TCAPPDLL 2025-07-21 12:20:04.636283 - Epoch: 0 Iteration: 45  rank : 0  train.loss : 2.1701607704162598  train.ips : 0.09104674537066337 imgs/s train.total_time : 21.966737985610962 
TCAPPDLL 2025-07-21 12:20:27.288026 - Epoch: 0 Iteration: 46  rank : 0  train.loss : 1.6882808208465576  train.ips : 0.08829497292357442 imgs/s train.total_time : 22.65134620666504 
TCAPPDLL 2025-07-21 12:20:49.450398 - Epoch: 0 Iteration: 47  rank : 0  train.loss : 1.6127002239227295  train.ips : 0.09024466979950471 imgs/s train.total_time : 22.16197371482849 
TCAPPDLL 2025-07-21 12:21:11.772222 - Epoch: 0 Iteration: 48  rank : 0  train.loss : 1.9472686052322388  train.ips : 0.08960041070500757 imgs/s train.total_time : 22.32132625579834 
TCAPPDLL 2025-07-21 12:21:33.654280 - Epoch: 0 Iteration: 49  rank : 0  train.loss : 1.4604463577270508  train.ips : 0.09140104065857325 imgs/s train.total_time : 21.88158893585205 
07/21 12:21:33 - mmengine - INFO - Epoch(train)  [1][   50/58633]  lr: 1.9820e-03  eta: 173 days, 22:52:15  time: 21.3625  data_time: 0.0332  memory: 7098  loss: 5.1653  loss_rpn_cls: 0.6587  loss_rpn_bbox: 0.0714  s0.loss_cls: 2.1084  s0.acc: 98.6328  s0.loss_bbox: 0.0291  s1.loss_cls: 1.3960  s1.acc: 99.0234  s1.loss_bbox: 0.0089  s2.loss_cls: 0.8920  s2.acc: 99.1211  s2.loss_bbox: 0.0008
TCAPPDLL 2025-07-21 12:21:56.077830 - Epoch: 0 Iteration: 50  rank : 0  train.loss : 1.469058632850647  train.ips : 0.08919366972865793 imgs/s train.total_time : 22.423115968704224 
TCAPPDLL 2025-07-21 12:22:19.047853 - Epoch: 0 Iteration: 51  rank : 0  train.loss : 1.4048569202423096  train.ips : 0.08707201363290301 imgs/s train.total_time : 22.96949291229248 
TCAPPDLL 2025-07-21 12:22:41.318202 - Epoch: 0 Iteration: 52  rank : 0  train.loss : 1.3051530122756958  train.ips : 0.08980756227429496 imgs/s train.total_time : 22.26983952522278 
TCAPPDLL 2025-07-21 12:23:04.192448 - Epoch: 0 Iteration: 53  rank : 0  train.loss : 2.208000659942627  train.ips : 0.08743644106110836 imgs/s train.total_time : 22.87375807762146 
TCAPPDLL 2025-07-21 12:23:27.810484 - Epoch: 0 Iteration: 54  rank : 0  train.loss : 1.7341530323028564  train.ips : 0.08468305424105668 imgs/s train.total_time : 23.617475986480713 
TCAPPDLL 2025-07-21 12:23:51.390898 - Epoch: 0 Iteration: 55  rank : 0  train.loss : 1.3059985637664795  train.ips : 0.08481801111164834 imgs/s train.total_time : 23.57989740371704 
TCAPPDLL 2025-07-21 12:24:13.557379 - Epoch: 0 Iteration: 56  rank : 0  train.loss : 1.0171955823898315  train.ips : 0.09022842356769425 imgs/s train.total_time : 22.165964126586914 
TCAPPDLL 2025-07-21 12:24:35.449359 - Epoch: 0 Iteration: 57  rank : 0  train.loss : 1.7517956495285034  train.ips : 0.09135980741685493 imgs/s train.total_time : 21.891464710235596 
TCAPPDLL 2025-07-21 12:24:58.658778 - Epoch: 0 Iteration: 58  rank : 0  train.loss : 2.0220375061035156  train.ips : 0.08617346058207925 imgs/s train.total_time : 23.209001779556274 
TCAPPDLL 2025-07-21 12:25:21.586470 - Epoch: 0 Iteration: 59  rank : 0  train.loss : 2.8265554904937744  train.ips : 0.08723228244007074 imgs/s train.total_time : 22.927291870117188 
TCAPPDLL 2025-07-21 12:25:44.017611 - Epoch: 0 Iteration: 60  rank : 0  train.loss : 0.9552570581436157  train.ips : 0.08916376340322388 imgs/s train.total_time : 22.430636882781982 
TCAPPDLL 2025-07-21 12:26:06.048637 - Epoch: 0 Iteration: 61  rank : 0  train.loss : 0.9227012395858765  train.ips : 0.09078300958300622 imgs/s train.total_time : 22.030554056167603 
TCAPPDLL 2025-07-21 12:26:29.396312 - Epoch: 0 Iteration: 62  rank : 0  train.loss : 0.987410306930542  train.ips : 0.08566318679577056 imgs/s train.total_time : 23.347251892089844 
TCAPPDLL 2025-07-21 12:26:52.360406 - Epoch: 0 Iteration: 63  rank : 0  train.loss : 1.1571953296661377  train.ips : 0.08709424077708679 imgs/s train.total_time : 22.96363091468811 
TCAPPDLL 2025-07-21 12:27:15.322053 - Epoch: 0 Iteration: 64  rank : 0  train.loss : 1.145524024963379  train.ips : 0.08710346601811339 imgs/s train.total_time : 22.961198806762695 
TCAPPDLL 2025-07-21 12:27:38.399962 - Epoch: 0 Iteration: 65  rank : 0  train.loss : 1.4339842796325684  train.ips : 0.0866646617187638 imgs/s train.total_time : 23.077456951141357 
TCAPPDLL 2025-07-21 12:28:02.884635 - Epoch: 0 Iteration: 66  rank : 0  train.loss : 1.1532015800476074  train.ips : 0.08168627037259152 imgs/s train.total_time : 24.4839186668396 
TCAPPDLL 2025-07-21 12:28:27.533532 - Epoch: 0 Iteration: 67  rank : 0  train.loss : 1.0760513544082642  train.ips : 0.08114137717038661 imgs/s train.total_time : 24.64833688735962 
TCAPPDLL 2025-07-21 12:28:51.061977 - Epoch: 0 Iteration: 68  rank : 0  train.loss : 0.9830712676048279  train.ips : 0.08500529456035237 imgs/s train.total_time : 23.52794623374939 
TCAPPDLL 2025-07-21 12:29:13.326479 - Epoch: 0 Iteration: 69  rank : 0  train.loss : 0.8784468173980713  train.ips : 0.08983112736511653 imgs/s train.total_time : 22.263997554779053 
TCAPPDLL 2025-07-21 12:29:36.106710 - Epoch: 0 Iteration: 70  rank : 0  train.loss : 0.7305532097816467  train.ips : 0.08779726923812942 imgs/s train.total_time : 22.779751777648926 
TCAPPDLL 2025-07-21 12:29:59.025035 - Epoch: 0 Iteration: 71  rank : 0  train.loss : 1.0328418016433716  train.ips : 0.08726796860594885 imgs/s train.total_time : 22.917916297912598 
TCAPPDLL 2025-07-21 12:30:22.374380 - Epoch: 0 Iteration: 72  rank : 0  train.loss : 0.6709567308425903  train.ips : 0.08565702966607279 imgs/s train.total_time : 23.34893012046814 
TCAPPDLL 2025-07-21 12:30:45.015617 - Epoch: 0 Iteration: 73  rank : 0  train.loss : 0.768875002861023  train.ips : 0.08833610864258998 imgs/s train.total_time : 22.640798091888428 
TCAPPDLL 2025-07-21 12:31:08.092531 - Epoch: 0 Iteration: 74  rank : 0  train.loss : 0.741913914680481  train.ips : 0.08666869815713839 imgs/s train.total_time : 23.076382160186768 
TCAPPDLL 2025-07-21 12:31:32.600580 - Epoch: 0 Iteration: 75  rank : 0  train.loss : 0.855388343334198  train.ips : 0.08160731090916981 imgs/s train.total_time : 24.50760817527771 
TCAPPDLL 2025-07-21 12:31:54.920368 - Epoch: 0 Iteration: 76  rank : 0  train.loss : 0.9260352849960327  train.ips : 0.08960842758948197 imgs/s train.total_time : 22.319329261779785 
TCAPPDLL 2025-07-21 12:32:18.265774 - Epoch: 0 Iteration: 77  rank : 0  train.loss : 0.7444424033164978  train.ips : 0.08567181386428768 imgs/s train.total_time : 23.344900846481323 
TCAPPDLL 2025-07-21 12:32:41.940570 - Epoch: 0 Iteration: 78  rank : 0  train.loss : 0.6963697671890259  train.ips : 0.08447995550158593 imgs/s train.total_time : 23.674254894256592 
TCAPPDLL 2025-07-21 12:33:04.378772 - Epoch: 0 Iteration: 79  rank : 0  train.loss : 0.7405436038970947  train.ips : 0.0891353631502311 imgs/s train.total_time : 22.43778371810913 
TCAPPDLL 2025-07-21 12:33:26.724515 - Epoch: 0 Iteration: 80  rank : 0  train.loss : 0.7625699043273926  train.ips : 0.08950418138711504 imgs/s train.total_time : 22.345324754714966 
TCAPPDLL 2025-07-21 12:33:50.579304 - Epoch: 0 Iteration: 81  rank : 0  train.loss : 0.9585052728652954  train.ips : 0.08384207548668081 imgs/s train.total_time : 23.854371309280396 
TCAPPDLL 2025-07-21 12:34:13.028216 - Epoch: 0 Iteration: 82  rank : 0  train.loss : 1.0424175262451172  train.ips : 0.08909287237521396 imgs/s train.total_time : 22.448484897613525 
TCAPPDLL 2025-07-21 12:34:36.553037 - Epoch: 0 Iteration: 83  rank : 0  train.loss : 1.1685354709625244  train.ips : 0.0850182665553523 imgs/s train.total_time : 23.524356365203857 
TCAPPDLL 2025-07-21 12:35:00.165618 - Epoch: 0 Iteration: 84  rank : 0  train.loss : 2.288317918777466  train.ips : 0.08470239595290024 imgs/s train.total_time : 23.612082958221436 
TCAPPDLL 2025-07-21 12:35:22.939103 - Epoch: 0 Iteration: 85  rank : 0  train.loss : 1.0732769966125488  train.ips : 0.08782322319946337 imgs/s train.total_time : 22.773019790649414 
TCAPPDLL 2025-07-21 12:35:45.761993 - Epoch: 0 Iteration: 86  rank : 0  train.loss : 1.2120420932769775  train.ips : 0.08763306295805798 imgs/s train.total_time : 22.822436332702637 
TCAPPDLL 2025-07-21 12:36:08.877704 - Epoch: 0 Iteration: 87  rank : 0  train.loss : 1.0640844106674194  train.ips : 0.0865231480813913 imgs/s train.total_time : 23.115201473236084 
TCAPPDLL 2025-07-21 12:36:31.477533 - Epoch: 0 Iteration: 88  rank : 0  train.loss : 1.2078086137771606  train.ips : 0.0884981131476721 imgs/s train.total_time : 22.59935188293457 
TCAPPDLL 2025-07-21 12:36:54.615453 - Epoch: 0 Iteration: 89  rank : 0  train.loss : 0.545952320098877  train.ips : 0.08643991887807963 imgs/s train.total_time : 23.137458086013794 
TCAPPDLL 2025-07-21 12:37:18.340013 - Epoch: 0 Iteration: 90  rank : 0  train.loss : 2.0991709232330322  train.ips : 0.0843027090462692 imgs/s train.total_time : 23.724030017852783 
TCAPPDLL 2025-07-21 12:37:41.674538 - Epoch: 0 Iteration: 91  rank : 0  train.loss : 0.7177439332008362  train.ips : 0.08571189682670412 imgs/s train.total_time : 23.333983659744263 
TCAPPDLL 2025-07-21 12:38:04.598989 - Epoch: 0 Iteration: 92  rank : 0  train.loss : 0.5467044115066528  train.ips : 0.08724478796976166 imgs/s train.total_time : 22.92400550842285 
TCAPPDLL 2025-07-21 12:38:28.686953 - Epoch: 0 Iteration: 93  rank : 0  train.loss : 2.8903753757476807  train.ips : 0.08303064515401049 imgs/s train.total_time : 24.087491989135742 
TCAPPDLL 2025-07-21 12:38:51.607161 - Epoch: 0 Iteration: 94  rank : 0  train.loss : 0.6933392286300659  train.ips : 0.08726122280499761 imgs/s train.total_time : 22.9196879863739 
TCAPPDLL 2025-07-21 12:39:15.790762 - Epoch: 0 Iteration: 95  rank : 0  train.loss : 1.3114609718322754  train.ips : 0.08270234561378424 imgs/s train.total_time : 24.18311095237732 
TCAPPDLL 2025-07-21 12:39:39.861981 - Epoch: 0 Iteration: 96  rank : 0  train.loss : 1.4630411863327026  train.ips : 0.08308850348443252 imgs/s train.total_time : 24.07071876525879 
TCAPPDLL 2025-07-21 12:40:03.857675 - Epoch: 0 Iteration: 97  rank : 0  train.loss : 2.234834671020508  train.ips : 0.08334998622460116 imgs/s train.total_time : 23.99520492553711 
TCAPPDLL 2025-07-21 12:40:27.304571 - Epoch: 0 Iteration: 98  rank : 0  train.loss : 0.5504427552223206  train.ips : 0.08530061324539939 imgs/s train.total_time : 23.44649028778076 
TCAPPDLL 2025-07-21 12:40:52.862033 - Epoch: 0 Iteration: 99  rank : 0  train.loss : 0.7110903263092041  train.ips : 0.07825645975505917 imgs/s train.total_time : 25.556995630264282 
07/21 12:40:52 - mmengine - INFO - Epoch(train)  [1][  100/58633]  lr: 3.9840e-03  eta: 181 days, 8:30:34  time: 23.1836  data_time: 0.0224  memory: 7097  loss: 1.2037  loss_rpn_cls: 0.5125  loss_rpn_bbox: 0.0727  s0.loss_cls: 0.2932  s0.acc: 98.4375  s0.loss_bbox: 0.0351  s1.loss_cls: 0.1266  s1.acc: 99.0234  s1.loss_bbox: 0.0108  s2.loss_cls: 0.1512  s2.acc: 99.0234  s2.loss_bbox: 0.0017
